[22:13:26] [main/INFO] (FabricLoader/GameProvider) Loading Minecraft 26.1.2 with Fabric Loader 0.19.3
[22:13:26] [main/INFO] (FabricLoader/Mappings) Mappings not present!
[22:13:28] [main/INFO] (FabricLoader) Loading 51 mods:
	- better-recycling 0.0-alpha.1
	- fabric-api 0.155.2+26.1.2
	- fabric-api-base 2.0.3+ece063234c
	- fabric-api-lookup-api-v1 2.0.12+d5a053b64c
	- fabric-biome-api-v1 18.0.5+2fa62b4e4c
	- fabric-block-api-v1 3.0.2+ec56b6014c
	- fabric-block-getter-api-v2 2.0.6+ec56b6014c
	- fabric-client-gametest-api-v1 5.1.0+0a5283664c
	- fabric-command-api-v2 3.0.5+e2bdee784c
	- fabric-content-registries-v0 11.3.0+0082c9664c
	- fabric-convention-tags-v2 4.6.2+4f11f7994c
	- fabric-crash-report-info-v1 1.0.3+9f78a5a84c
	- fabric-creative-tab-api-v1 5.0.11+d871b99e4c
	- fabric-data-attachment-api-v1 2.2.9+44a0bd1d4c
	- fabric-data-generation-api-v1 24.3.3+cda368334c
	- fabric-debug-api-v1 1.0.1+c792624d4c
	- fabric-dimensions-v1 5.1.7+ad343a8d4c
	- fabric-entity-events-v1 5.0.2+e2bdee784c
	- fabric-events-interaction-v0 5.2.2+07b380be4c
	- fabric-game-rule-api-v1 4.0.5+d871b99e4c
	- fabric-gametest-api-v1 4.0.17+867b87624c
	- fabric-item-api-v1 14.3.0+6d1aaa724c
	- fabric-key-mapping-api-v1 2.0.4+e2bdee784c
	- fabric-lifecycle-events-v1 4.1.1+df84eb3d4c
	- fabric-loot-api-v3 3.0.12+00a1fba64c
	- fabric-menu-api-v1 2.0.14+d871b99e4c
	- fabric-message-api-v1 7.0.5+dae8ce3e4c
	- fabric-model-loading-api-v1 8.0.11+c80601bb4c
	- fabric-networking-api-v1 6.3.1+554860db4c
	- fabric-object-builder-api-v1 23.1.0+abb459f14c
	- fabric-particles-v1 5.0.15+b61fef434c
	- fabric-permission-api-v1 1.0.2+7437387b4c
	- fabric-recipe-api-v1 9.0.16+be4b75ae4c
	- fabric-registry-sync-v0 7.1.0+2fa62b4e4c
	- fabric-renderer-api-v1 13.0.8+c80601bb4c
	- fabric-renderer-indigo 8.1.5+1403e82c4c
	- fabric-rendering-fluids-v1 6.0.1+d871b99e4c
	- fabric-rendering-v1 23.3.1+e9207d814c
	- fabric-resource-conditions-api-v1 6.1.0+83dd0ba34c
	- fabric-resource-loader-v0 3.3.17+4fc5413f4c
	- fabric-resource-loader-v1 2.0.10+7c44c7324c
	- fabric-screen-api-v1 5.1.0+981dd9b24c
	- fabric-serialization-api-v1 2.0.3+11a26f314c
	- fabric-sound-api-v1 2.0.4+11a26f314c
	- fabric-tag-api-v1 2.1.1+371cf5db4c
	- fabric-transfer-api-v1 8.0.6+357ea7334c
	- fabric-transitive-access-wideners-v1 8.1.3+3ff549fb4c
	- fabricloader 0.19.3
	- java 25
	- minecraft 26.1.2
	- mixinextras 0.5.4
[22:13:28] [main/INFO] (FabricLoader/Mixin) SpongePowered MIXIN Subsystem Version=0.8.7 Source=file:/C:/Users/Administrator/.gradle/caches/modules-2/files-2.1/net.fabricmc/sponge-mixin/0.17.3+mixin.0.8.7/41c4a3984a80f4679e759fb9f495587acc5cdac7/sponge-mixin-0.17.3+mixin.0.8.7.jar Service=Knot/Fabric Env=CLIENT
[22:13:28] [main/INFO] (FabricLoader/Mixin) Compatibility level set to JAVA_25
[22:13:32] [main/INFO] (FabricLoader/MixinExtras|Service) Initializing MixinExtras via com.llamalad7.mixinextras.service.MixinExtrasServiceImpl(version=0.5.4).
[22:13:35] [Datafixer Bootstrap/INFO] (Minecraft) 291 Datafixer optimizations took 1620 milliseconds
[22:13:49] [Render thread/INFO] (Minecraft) Environment: Environment[sessionHost=https://sessionserver.mojang.com, servicesHost=https://api.minecraftservices.com, profilesHost=https://api.mojang.com, name=PROD]
[22:13:49] [Render thread/INFO] (Minecraft) Setting user: Player41
[22:13:49] [Render thread/INFO] (better-recycling) Hello Fabric world!
[22:13:49] [Render thread/INFO] (better-recycling) 注册成功
[22:13:49] [Render thread/INFO] (better-recycling) 已加入创造物品栏
[22:13:50] [Render thread/INFO] (Indigo) [Indigo] Registering Indigo renderer!
[22:13:51] [Download-2/ERROR] (Minecraft) Failed to fetch user properties
com.mojang.authlib.exceptions.InvalidCredentialsException: Status: 401
	at knot//com.mojang.authlib.exceptions.MinecraftClientHttpException.toAuthenticationException(MinecraftClientHttpException.java:59)
	at knot//com.mojang.authlib.yggdrasil.YggdrasilUserApiService.fetchProperties(YggdrasilUserApiService.java:150)
	at knot//net.minecraft.client.Minecraft.lambda$new$1(Minecraft.java:459)
	at java.base/java.util.concurrent.CompletableFuture$AsyncSupply.run(CompletableFuture.java:1789)
	at java.base/java.util.concurrent.ThreadPoolExecutor.runWorker(ThreadPoolExecutor.java:1090)
	at java.base/java.util.concurrent.ThreadPoolExecutor$Worker.run(ThreadPoolExecutor.java:614)
	at java.base/java.lang.Thread.run(Thread.java:1474)
Caused by: com.mojang.authlib.exceptions.MinecraftClientHttpException: Status: 401
	at knot//com.mojang.authlib.minecraft.client.MinecraftClient.readInputStream(MinecraftClient.java:103)
	at knot//com.mojang.authlib.minecraft.client.MinecraftClient.get(MinecraftClient.java:56)
	at knot//com.mojang.authlib.yggdrasil.YggdrasilUserApiService.fetchProperties(YggdrasilUserApiService.java:121)
	... 5 more
[22:13:51] [Render thread/INFO] (Minecraft) Backend library: LWJGL version 3.4.1-snapshot
[22:13:53] [Render thread/INFO] (Minecraft) Using optional rendering extensions: GL_ARB_buffer_storage, GL_KHR_debug, GL_ARB_vertex_attrib_binding, GL_EXT_texture_filter_anisotropic
[22:13:55] [Render thread/INFO] (Minecraft) Reloading ResourceManager: vanilla, better-recycling, fabric-api, fabric-api-base, fabric-api-lookup-api-v1, fabric-biome-api-v1, fabric-block-api-v1, fabric-block-getter-api-v2, fabric-client-gametest-api-v1, fabric-command-api-v2, fabric-content-registries-v0, fabric-convention-tags-v2, fabric-crash-report-info-v1, fabric-creative-tab-api-v1, fabric-data-attachment-api-v1, fabric-data-generation-api-v1, fabric-debug-api-v1, fabric-dimensions-v1, fabric-entity-events-v1, fabric-events-interaction-v0, fabric-game-rule-api-v1, fabric-gametest-api-v1, fabric-item-api-v1, fabric-key-mapping-api-v1, fabric-lifecycle-events-v1, fabric-loot-api-v3, fabric-menu-api-v1, fabric-message-api-v1, fabric-model-loading-api-v1, fabric-networking-api-v1, fabric-object-builder-api-v1, fabric-particles-v1, fabric-permission-api-v1, fabric-recipe-api-v1, fabric-registry-sync-v0, fabric-renderer-api-v1, fabric-renderer-indigo, fabric-rendering-fluids-v1, fabric-rendering-v1, fabric-resource-conditions-api-v1, fabric-resource-loader-v0, fabric-resource-loader-v1, fabric-screen-api-v1, fabric-serialization-api-v1, fabric-sound-api-v1, fabric-tag-api-v1, fabric-transfer-api-v1, fabric-transitive-access-wideners-v1, fabricloader
[22:13:57] [Download-1/INFO] (Minecraft) Could not authorize you against Realms server: java.lang.RuntimeException: Failed to parse into SignedJWT: FabricMC
[22:13:57] [Download-1/ERROR] (Minecraft) Failed to fetch Realms feature flags
com.mojang.realmsclient.exception.RealmsServiceException: Realms authentication error with message 'java.lang.RuntimeException: Failed to parse into SignedJWT: FabricMC'
	at knot//com.mojang.realmsclient.client.RealmsClient.execute(RealmsClient.java:526)
	at knot//com.mojang.realmsclient.client.RealmsClient.fetchFeatureFlags(RealmsClient.java:186)
	at java.base/java.util.concurrent.CompletableFuture$AsyncSupply.run(CompletableFuture.java:1789)
	at java.base/java.util.concurrent.ThreadPoolExecutor.runWorker(ThreadPoolExecutor.java:1090)
	at java.base/java.util.concurrent.ThreadPoolExecutor$Worker.run(ThreadPoolExecutor.java:614)
	at java.base/java.lang.Thread.run(Thread.java:1474)
[22:13:57] [Worker-Main-1/INFO] (Minecraft) Found unifont_all_no_pua-17.0.01.hex, loading
[22:13:57] [Worker-Main-2/INFO] (Minecraft) Found unifont_pua-17.0.01.hex, loading
[22:13:58] [Worker-Main-1/INFO] (Minecraft) Found unifont_jp_patch-17.0.01.hex, loading
[22:13:59] [Worker-Main-3/ERROR] (Minecraft) Failed to load model better-recycling:models/item/coal_dust.json
com.google.gson.JsonParseException: JSON data was null or empty
	at knot//net.minecraft.util.GsonHelper.fromJson(GsonHelper.java:518)
	at knot//net.fabricmc.fabric.impl.client.model.loading.UnbakedModelDeserializerRegistry.deserialize(UnbakedModelDeserializerRegistry.java:52)
	at knot//net.fabricmc.fabric.api.client.model.loading.v1.UnbakedModelDeserializer.deserialize(UnbakedModelDeserializer.java:80)
	at knot//net.minecraft.client.resources.model.ModelManager.modify$zmd000$fabric-model-loading-api-v1$actuallyDeserializeModel(ModelManager.java:1148)
	at knot//net.minecraft.client.resources.model.ModelManager.lambda$loadBlockModels$2(ModelManager.java:163)
	at java.base/java.util.concurrent.CompletableFuture$AsyncSupply.run(CompletableFuture.java:1789)
	at knot//net.minecraft.server.packs.resources.SimpleReloadInstance.lambda$prepareTasks$1(SimpleReloadInstance.java:51)
	at java.base/java.util.concurrent.ForkJoinTask$RunnableExecuteAction.compute(ForkJoinTask.java:1753)
	at java.base/java.util.concurrent.ForkJoinTask$RunnableExecuteAction.compute(ForkJoinTask.java:1745)
	at java.base/java.util.concurrent.ForkJoinTask$InterruptibleTask.exec(ForkJoinTask.java:1662)
	at java.base/java.util.concurrent.ForkJoinTask.doExec(ForkJoinTask.java:511)
	at java.base/java.util.concurrent.ForkJoinPool$WorkQueue.topLevelExec(ForkJoinPool.java:1450)
	at java.base/java.util.concurrent.ForkJoinPool.runWorker(ForkJoinPool.java:2019)
	at java.base/java.util.concurrent.ForkJoinWorkerThread.run(ForkJoinWorkerThread.java:187)
[22:13:59] [Worker-Main-3/ERROR] (Minecraft) Failed to load model better-recycling:models/item/lapis_lazuli_dust.json
com.google.gson.JsonParseException: JSON data was null or empty
	at knot//net.minecraft.util.GsonHelper.fromJson(GsonHelper.java:518)
	at knot//net.fabricmc.fabric.impl.client.model.loading.UnbakedModelDeserializerRegistry.deserialize(UnbakedModelDeserializerRegistry.java:52)
	at knot//net.fabricmc.fabric.api.client.model.loading.v1.UnbakedModelDeserializer.deserialize(UnbakedModelDeserializer.java:80)
	at knot//net.minecraft.client.resources.model.ModelManager.modify$zmd000$fabric-model-loading-api-v1$actuallyDeserializeModel(ModelManager.java:1148)
	at knot//net.minecraft.client.resources.model.ModelManager.lambda$loadBlockModels$2(ModelManager.java:163)
	at java.base/java.util.concurrent.CompletableFuture$AsyncSupply.run(CompletableFuture.java:1789)
	at knot//net.minecraft.server.packs.resources.SimpleReloadInstance.lambda$prepareTasks$1(SimpleReloadInstance.java:51)
	at java.base/java.util.concurrent.ForkJoinTask$RunnableExecuteAction.compute(ForkJoinTask.java:1753)
	at java.base/java.util.concurrent.ForkJoinTask$RunnableExecuteAction.compute(ForkJoinTask.java:1745)
	at java.base/java.util.concurrent.ForkJoinTask$InterruptibleTask.exec(ForkJoinTask.java:1662)
	at java.base/java.util.concurrent.ForkJoinTask.doExec(ForkJoinTask.java:511)
	at java.base/java.util.concurrent.ForkJoinPool$WorkQueue.topLevelExec(ForkJoinPool.java:1450)
	at java.base/java.util.concurrent.ForkJoinPool.runWorker(ForkJoinPool.java:2019)
	at java.base/java.util.concurrent.ForkJoinWorkerThread.run(ForkJoinWorkerThread.java:187)
[22:13:59] [Worker-Main-3/ERROR] (Minecraft) Failed to load model better-recycling:models/item/suspicious_substance.json
com.google.gson.JsonParseException: JSON data was null or empty
	at knot//net.minecraft.util.GsonHelper.fromJson(GsonHelper.java:518)
	at knot//net.fabricmc.fabric.impl.client.model.loading.UnbakedModelDeserializerRegistry.deserialize(UnbakedModelDeserializerRegistry.java:52)
	at knot//net.fabricmc.fabric.api.client.model.loading.v1.UnbakedModelDeserializer.deserialize(UnbakedModelDeserializer.java:80)
	at knot//net.minecraft.client.resources.model.ModelManager.modify$zmd000$fabric-model-loading-api-v1$actuallyDeserializeModel(ModelManager.java:1148)
	at knot//net.minecraft.client.resources.model.ModelManager.lambda$loadBlockModels$2(ModelManager.java:163)
	at java.base/java.util.concurrent.CompletableFuture$AsyncSupply.run(CompletableFuture.java:1789)
	at knot//net.minecraft.server.packs.resources.SimpleReloadInstance.lambda$prepareTasks$1(SimpleReloadInstance.java:51)
	at java.base/java.util.concurrent.ForkJoinTask$RunnableExecuteAction.compute(ForkJoinTask.java:1753)
	at java.base/java.util.concurrent.ForkJoinTask$RunnableExecuteAction.compute(ForkJoinTask.java:1745)
	at java.base/java.util.concurrent.ForkJoinTask$InterruptibleTask.exec(ForkJoinTask.java:1662)
	at java.base/java.util.concurrent.ForkJoinTask.doExec(ForkJoinTask.java:511)
	at java.base/java.util.concurrent.ForkJoinPool$WorkQueue.topLevelExec(ForkJoinPool.java:1450)
	at java.base/java.util.concurrent.ForkJoinPool.runWorker(ForkJoinPool.java:2019)
	at java.base/java.util.concurrent.ForkJoinWorkerThread.run(ForkJoinWorkerThread.java:187)
[22:14:04] [Render thread/INFO] (Minecraft) OpenAL initialized on device OpenAL Soft on 扬声器 (Conexant 20751 SmartAudio HD)
[22:14:04] [Render thread/INFO] (Minecraft) Sound engine started
[22:14:04] [Render thread/INFO] (Minecraft) Created: 512x256x0 minecraft:textures/atlas/particles.png-atlas
[22:14:04] [Render thread/INFO] (Minecraft) Created: 128x128x0 minecraft:textures/atlas/decorated_pot.png-atlas
[22:14:04] [Render thread/INFO] (Minecraft) Created: 2048x1024x0 minecraft:textures/atlas/armor_trims.png-atlas
[22:14:04] [Render thread/INFO] (Minecraft) Created: 512x256x0 minecraft:textures/atlas/paintings.png-atlas
[22:14:04] [Render thread/INFO] (Minecraft) Created: 1024x512x0 minecraft:textures/atlas/shield_patterns.png-atlas
[22:14:04] [Render thread/INFO] (Minecraft) Created: 2048x2048x4 minecraft:textures/atlas/blocks.png-atlas
[22:14:05] [Render thread/INFO] (Minecraft) Created: 512x512x0 minecraft:textures/atlas/chest.png-atlas
[22:14:05] [Render thread/INFO] (Minecraft) Created: 256x128x0 minecraft:textures/atlas/celestials.png-atlas
[22:14:05] [Render thread/INFO] (Minecraft) Created: 1024x512x0 minecraft:textures/atlas/banner_patterns.png-atlas
[22:14:05] [Render thread/INFO] (Minecraft) Created: 512x512x0 minecraft:textures/atlas/beds.png-atlas
[22:14:05] [Render thread/INFO] (Minecraft) Created: 1024x512x0 minecraft:textures/atlas/items.png-atlas
[22:14:05] [Render thread/INFO] (Minecraft) Created: 1024x1024x0 minecraft:textures/atlas/gui.png-atlas
[22:14:05] [Render thread/INFO] (Minecraft) Created: 128x64x0 minecraft:textures/atlas/map_decorations.png-atlas
[22:14:05] [Render thread/INFO] (Minecraft) Created: 512x256x0 minecraft:textures/atlas/signs.png-atlas
[22:14:05] [Render thread/INFO] (Minecraft) Created: 512x512x0 minecraft:textures/atlas/shulker_boxes.png-atlas
[22:14:07] [IO-Worker-1/INFO] (Minecraft) Could not authorize you against Realms server: java.lang.RuntimeException: Failed to parse into SignedJWT: FabricMC
[22:14:07] [IO-Worker-1/ERROR] (Minecraft) Couldn't connect to realms
com.mojang.realmsclient.exception.RealmsServiceException: Realms authentication error with message 'java.lang.RuntimeException: Failed to parse into SignedJWT: FabricMC'
	at knot//com.mojang.realmsclient.client.RealmsClient.execute(RealmsClient.java:526)
	at knot//com.mojang.realmsclient.client.RealmsClient.clientCompatible(RealmsClient.java:307)
	at knot//com.mojang.realmsclient.RealmsAvailability.lambda$check$0(RealmsAvailability.java:48)
	at java.base/java.util.concurrent.CompletableFuture$AsyncSupply.run(CompletableFuture.java:1789)
	at java.base/java.util.concurrent.ThreadPoolExecutor.runWorker(ThreadPoolExecutor.java:1090)
	at java.base/java.util.concurrent.ThreadPoolExecutor$Worker.run(ThreadPoolExecutor.java:614)
	at java.base/java.lang.Thread.run(Thread.java:1474)
[22:14:12] [Render thread/INFO] (Minecraft) Found new data pack better-recycling, loading it automatically
[22:14:15] [Worker-Main-3/ERROR] (Minecraft) Couldn't parse data file 'better-recycling:a_bundle_of_scrap_copper_blasting' from 'better-recycling:recipe/a_bundle_of_scrap_copper_blasting.json': DataResult.Error['Failed to parse either. First: Unknown registry key in ResourceKey[minecraft:root / minecraft:item]: better-recycling:a_bundle_of_scrap_copper; Second: Not a string: {"id":"better-recycling:a_bundle_of_scrap_copper"}; Failed to parse either. First: Not a JSON object: ["additionaladditions:wrench","additionaladditions:barometer"]; Second: Unknown registry key in ResourceKey[minecraft:root / minecraft:item]: additionaladditions:barometer; Unknown registry key in ResourceKey[minecraft:root / minecraft:item]: additionaladditions:wrench; List must have contents']
[22:14:15] [Worker-Main-3/ERROR] (Minecraft) Couldn't parse data file 'better-recycling:a_bundle_of_scrap_copper_smelting' from 'better-recycling:recipe/a_bundle_of_scrap_copper_smelting.json': DataResult.Error['Failed to parse either. First: Unknown registry key in ResourceKey[minecraft:root / minecraft:item]: better-recycling:a_bundle_of_scrap_copper; Second: Not a string: {"id":"better-recycling:a_bundle_of_scrap_copper"}; Failed to parse either. First: Not a JSON object: ["additionaladditions:wrench","additionaladditions:barometer"]; Second: Unknown registry key in ResourceKey[minecraft:root / minecraft:item]: additionaladditions:barometer; Unknown registry key in ResourceKey[minecraft:root / minecraft:item]: additionaladditions:wrench; List must have contents']
[22:14:15] [Worker-Main-3/ERROR] (Minecraft) Couldn't parse data file 'additionaladditions:powered_rails_copper_recipe' from 'additionaladditions:recipe/powered_rails_copper_recipe.json': DataResult.Error['Failed to parse either. First: Item must not be minecraft:air; Second: Not a string: {"id":"minecraft:air"}; Map entry 'C' : Failed to parse either. First: Not a JSON object: "minecraft:air"; Second: Failed to parse either. First: Not a tag id; Second: Failed to parse either. First: Not a json array: "minecraft:air"; Second: Item must not be minecraft:air']
[22:14:15] [Worker-Main-3/ERROR] (Minecraft) Couldn't parse data file 'additionaladditions:rose_gold/rose_gold_axe' from 'additionaladditions:recipe/rose_gold/rose_gold_axe.json': DataResult.Error['Failed to parse either. First: Unknown registry key in ResourceKey[minecraft:root / minecraft:item]: additionaladditions:rose_gold_axe; Second: Not a string: {"id":"additionaladditions:rose_gold_axe"}; Failed to parse either. First: Not a JSON object: "additionaladditions:rose_gold_ingot"; Second: Failed to parse either. First: Not a tag id; Second: Failed to parse either. First: Not a json array: "additionaladditions:rose_gold_ingot"; Second: Unknown registry key in ResourceKey[minecraft:root / minecraft:item]: additionaladditions:rose_gold_ingot']
[22:14:15] [Worker-Main-3/ERROR] (Minecraft) Couldn't parse data file 'additionaladditions:rose_gold/rose_gold_block' from 'additionaladditions:recipe/rose_gold/rose_gold_block.json': DataResult.Error['Failed to parse either. First: Unknown registry key in ResourceKey[minecraft:root / minecraft:item]: additionaladditions:rose_gold_block; Second: Not a string: {"id":"additionaladditions:rose_gold_block"}; Map entry 'R' : Failed to parse either. First: Not a JSON object: "additionaladditions:rose_gold_ingot"; Second: Failed to parse either. First: Not a tag id; Second: Failed to parse either. First: Not a json array: "additionaladditions:rose_gold_ingot"; Second: Unknown registry key in ResourceKey[minecraft:root / minecraft:item]: additionaladditions:rose_gold_ingot']
[22:14:15] [Worker-Main-3/ERROR] (Minecraft) Couldn't parse data file 'additionaladditions:rose_gold/rose_gold_boots' from 'additionaladditions:recipe/rose_gold/rose_gold_boots.json': DataResult.Error['Failed to parse either. First: Unknown registry key in ResourceKey[minecraft:root / minecraft:item]: additionaladditions:rose_gold_boots; Second: Not a string: {"id":"additionaladditions:rose_gold_boots"}; Failed to parse either. First: Not a JSON object: "additionaladditions:rose_gold_ingot"; Second: Failed to parse either. First: Not a tag id; Second: Failed to parse either. First: Not a json array: "additionaladditions:rose_gold_ingot"; Second: Unknown registry key in ResourceKey[minecraft:root / minecraft:item]: additionaladditions:rose_gold_ingot']
[22:14:15] [Worker-Main-3/ERROR] (Minecraft) Couldn't parse data file 'additionaladditions:rose_gold/rose_gold_chestplate' from 'additionaladditions:recipe/rose_gold/rose_gold_chestplate.json': DataResult.Error['Failed to parse either. First: Unknown registry key in ResourceKey[minecraft:root / minecraft:item]: additionaladditions:rose_gold_chestplate; Second: Not a string: {"id":"additionaladditions:rose_gold_chestplate"}; Failed to parse either. First: Not a JSON object: "additionaladditions:rose_gold_ingot"; Second: Failed to parse either. First: Not a tag id; Second: Failed to parse either. First: Not a json array: "additionaladditions:rose_gold_ingot"; Second: Unknown registry key in ResourceKey[minecraft:root / minecraft:item]: additionaladditions:rose_gold_ingot']
[22:14:15] [Worker-Main-3/ERROR] (Minecraft) Couldn't parse data file 'additionaladditions:rose_gold/rose_gold_helmet' from 'additionaladditions:recipe/rose_gold/rose_gold_helmet.json': DataResult.Error['Failed to parse either. First: Unknown registry key in ResourceKey[minecraft:root / minecraft:item]: additionaladditions:rose_gold_helmet; Second: Not a string: {"id":"additionaladditions:rose_gold_helmet"}; Failed to parse either. First: Not a JSON object: "additionaladditions:rose_gold_ingot"; Second: Failed to parse either. First: Not a tag id; Second: Failed to parse either. First: Not a json array: "additionaladditions:rose_gold_ingot"; Second: Unknown registry key in ResourceKey[minecraft:root / minecraft:item]: additionaladditions:rose_gold_ingot']
[22:14:15] [Worker-Main-3/ERROR] (Minecraft) Couldn't parse data file 'additionaladditions:rose_gold/rose_gold_hoe' from 'additionaladditions:recipe/rose_gold/rose_gold_hoe.json': DataResult.Error['Failed to parse either. First: Unknown registry key in ResourceKey[minecraft:root / minecraft:item]: additionaladditions:rose_gold_hoe; Second: Not a string: {"id":"additionaladditions:rose_gold_hoe"}; Failed to parse either. First: Not a JSON object: "additionaladditions:rose_gold_ingot"; Second: Failed to parse either. First: Not a tag id; Second: Failed to parse either. First: Not a json array: "additionaladditions:rose_gold_ingot"; Second: Unknown registry key in ResourceKey[minecraft:root / minecraft:item]: additionaladditions:rose_gold_ingot']
[22:14:15] [Worker-Main-3/ERROR] (Minecraft) Couldn't parse data file 'additionaladditions:rose_gold/rose_gold_horse_armor' from 'additionaladditions:recipe/rose_gold/rose_gold_horse_armor.json': DataResult.Error['Failed to parse either. First: Unknown registry key in ResourceKey[minecraft:root / minecraft:item]: additionaladditions:rose_gold_horse_armor; Second: Not a string: {"id":"additionaladditions:rose_gold_horse_armor"}; Failed to parse either. First: Not a JSON object: "additionaladditions:rose_gold_ingot"; Second: Failed to parse either. First: Not a tag id; Second: Failed to parse either. First: Not a json array: "additionaladditions:rose_gold_ingot"; Second: Unknown registry key in ResourceKey[minecraft:root / minecraft:item]: additionaladditions:rose_gold_ingot']
[22:14:15] [Worker-Main-3/ERROR] (Minecraft) Couldn't parse data file 'additionaladditions:rose_gold/rose_gold_ingot' from 'additionaladditions:recipe/rose_gold/rose_gold_ingot.json': DataResult.Error['Failed to parse either. First: Unknown registry key in ResourceKey[minecraft:root / minecraft:item]: additionaladditions:rose_gold_ingot; Second: Not a string: {"id":"additionaladditions:rose_gold_ingot"}']
[22:14:15] [Worker-Main-3/ERROR] (Minecraft) Couldn't parse data file 'additionaladditions:rose_gold/rose_gold_ingot_from_block' from 'additionaladditions:recipe/rose_gold/rose_gold_ingot_from_block.json': DataResult.Error['List is too short: 0, expected range [1-9]; Failed to parse either. First: Unknown registry key in ResourceKey[minecraft:root / minecraft:item]: additionaladditions:rose_gold_ingot; Second: Not a string: {"count":9,"id":"additionaladditions:rose_gold_ingot"}']
[22:14:15] [Worker-Main-3/ERROR] (Minecraft) Couldn't parse data file 'additionaladditions:rose_gold/rose_gold_leggings' from 'additionaladditions:recipe/rose_gold/rose_gold_leggings.json': DataResult.Error['Failed to parse either. First: Unknown registry key in ResourceKey[minecraft:root / minecraft:item]: additionaladditions:rose_gold_leggings; Second: Not a string: {"id":"additionaladditions:rose_gold_leggings"}; Failed to parse either. First: Not a JSON object: "additionaladditions:rose_gold_ingot"; Second: Failed to parse either. First: Not a tag id; Second: Failed to parse either. First: Not a json array: "additionaladditions:rose_gold_ingot"; Second: Unknown registry key in ResourceKey[minecraft:root / minecraft:item]: additionaladditions:rose_gold_ingot']
[22:14:15] [Worker-Main-3/ERROR] (Minecraft) Couldn't parse data file 'additionaladditions:rose_gold/rose_gold_nautilus_armor' from 'additionaladditions:recipe/rose_gold/rose_gold_nautilus_armor.json': DataResult.Error['Failed to parse either. First: Unknown registry key in ResourceKey[minecraft:root / minecraft:item]: additionaladditions:rose_gold_nautilus_armor; Second: Not a string: {"id":"additionaladditions:rose_gold_nautilus_armor"}; Failed to parse either. First: Not a JSON object: "additionaladditions:rose_gold_ingot"; Second: Failed to parse either. First: Not a tag id; Second: Failed to parse either. First: Not a json array: "additionaladditions:rose_gold_ingot"; Second: Unknown registry key in ResourceKey[minecraft:root / minecraft:item]: additionaladditions:rose_gold_ingot']
[22:14:15] [Worker-Main-3/ERROR] (Minecraft) Couldn't parse data file 'additionaladditions:rose_gold/rose_gold_pickaxe' from 'additionaladditions:recipe/rose_gold/rose_gold_pickaxe.json': DataResult.Error['Failed to parse either. First: Unknown registry key in ResourceKey[minecraft:root / minecraft:item]: additionaladditions:rose_gold_pickaxe; Second: Not a string: {"id":"additionaladditions:rose_gold_pickaxe"}; Failed to parse either. First: Not a JSON object: "additionaladditions:rose_gold_ingot"; Second: Failed to parse either. First: Not a tag id; Second: Failed to parse either. First: Not a json array: "additionaladditions:rose_gold_ingot"; Second: Unknown registry key in ResourceKey[minecraft:root / minecraft:item]: additionaladditions:rose_gold_ingot']
[22:14:15] [Worker-Main-3/ERROR] (Minecraft) Couldn't parse data file 'additionaladditions:rose_gold/rose_gold_shovel' from 'additionaladditions:recipe/rose_gold/rose_gold_shovel.json': DataResult.Error['Failed to parse either. First: Unknown registry key in ResourceKey[minecraft:root / minecraft:item]: additionaladditions:rose_gold_shovel; Second: Not a string: {"id":"additionaladditions:rose_gold_shovel"}; Failed to parse either. First: Not a JSON object: "additionaladditions:rose_gold_ingot"; Second: Failed to parse either. First: Not a tag id; Second: Failed to parse either. First: Not a json array: "additionaladditions:rose_gold_ingot"; Second: Unknown registry key in ResourceKey[minecraft:root / minecraft:item]: additionaladditions:rose_gold_ingot']
[22:14:15] [Worker-Main-3/ERROR] (Minecraft) Couldn't parse data file 'additionaladditions:rose_gold/rose_gold_spear' from 'additionaladditions:recipe/rose_gold/rose_gold_spear.json': DataResult.Error['Failed to parse either. First: Unknown registry key in ResourceKey[minecraft:root / minecraft:item]: additionaladditions:rose_gold_spear; Second: Not a string: {"id":"additionaladditions:rose_gold_spear"}; Failed to parse either. First: Not a JSON object: "additionaladditions:rose_gold_ingot"; Second: Failed to parse either. First: Not a tag id; Second: Failed to parse either. First: Not a json array: "additionaladditions:rose_gold_ingot"; Second: Unknown registry key in ResourceKey[minecraft:root / minecraft:item]: additionaladditions:rose_gold_ingot']
[22:14:15] [Worker-Main-3/ERROR] (Minecraft) Couldn't parse data file 'additionaladditions:rose_gold/rose_gold_sword' from 'additionaladditions:recipe/rose_gold/rose_gold_sword.json': DataResult.Error['Failed to parse either. First: Unknown registry key in ResourceKey[minecraft:root / minecraft:item]: additionaladditions:rose_gold_sword; Second: Not a string: {"id":"additionaladditions:rose_gold_sword"}; Failed to parse either. First: Not a JSON object: "additionaladditions:rose_gold_ingot"; Second: Failed to parse either. First: Not a tag id; Second: Failed to parse either. First: Not a json array: "additionaladditions:rose_gold_ingot"; Second: Unknown registry key in ResourceKey[minecraft:root / minecraft:item]: additionaladditions:rose_gold_ingot']
[22:14:15] [Worker-Main-3/ERROR] (Minecraft) Couldn't parse data file 'better-recycling:scrap_copper_blasting' from 'better-recycling:recipe/scrap_copper_blasting.json': DataResult.Error['Failed to parse either. First: Unknown registry key in ResourceKey[minecraft:root / minecraft:item]: better-recycling:scrap_copper; Second: Not a string: {"id":"better-recycling:scrap_copper"}']
[22:14:15] [Worker-Main-3/ERROR] (Minecraft) Couldn't parse data file 'better-recycling:scrap_copper_smelting' from 'better-recycling:recipe/scrap_copper_smelting.json': DataResult.Error['Failed to parse either. First: Unknown registry key in ResourceKey[minecraft:root / minecraft:item]: better-recycling:scrap_copper; Second: Not a string: {"id":"better-recycling:scrap_copper"}']
[22:14:15] [Worker-Main-3/ERROR] (Minecraft) Couldn't parse data file 'better-recycling:suspicious_substance' from 'better-recycling:recipe/suspicious_substance.json': DataResult.Error['Not a JSON object: null']
[22:14:16] [Render thread/INFO] (Minecraft) Loaded 1523 recipes
[22:14:16] [Render thread/INFO] (Minecraft) Loaded 1617 advancements
[22:14:16] [Render thread/INFO] (BiomeModificationImpl) Applied 0 biome modifications to 0 of 65 new biomes in 2.318 ms
[22:14:16] [Server thread/INFO] (Minecraft) Starting integrated minecraft server version 26.1.2
[22:14:16] [Server thread/INFO] (Minecraft) Generating keypair
[22:14:17] [Server thread/INFO] (Minecraft) Loading 0 persistent chunks...
[22:14:17] [Server thread/INFO] (Minecraft) 准备生成区域中：16%
[22:14:17] [Server thread/INFO] (Minecraft) Saving chunks for level 'ServerLevel[qwq]'/minecraft:overworld
[22:14:18] [Server thread/INFO] (Minecraft) Saving chunks for level 'ServerLevel[qwq]'/minecraft:the_nether
[22:14:18] [Server thread/INFO] (Minecraft) Saving chunks for level 'ServerLevel[qwq]'/minecraft:the_end
[22:14:18] [Server thread/INFO] (Minecraft) ThreadedAnvilChunkStorage (world): All chunks are saved
[22:14:18] [Server thread/INFO] (Minecraft) ThreadedAnvilChunkStorage (DIM-1): All chunks are saved
[22:14:18] [Server thread/INFO] (Minecraft) ThreadedAnvilChunkStorage (DIM1): All chunks are saved
[22:14:18] [Server thread/INFO] (Minecraft) ThreadedAnvilChunkStorage: All dimensions are saved
[22:14:20] [Server thread/INFO] (Minecraft) Loading 49 chunks for player spawn...
[22:14:20] [Server thread/INFO] (Minecraft) 准备生成区域中：16%
[22:14:20] [Server thread/INFO] (Minecraft) 准备生成区域中：16%
[22:14:20] [Server thread/INFO] (Minecraft) 准备生成区域中：16%
[22:14:20] [Server thread/INFO] (Minecraft) 准备生成区域中：16%
[22:14:20] [Server thread/INFO] (Minecraft) 准备生成区域中：16%
[22:14:20] [Server thread/INFO] (Minecraft) 准备生成区域中：16%
[22:14:21] [Server thread/INFO] (Minecraft) 准备生成区域中：16%
[22:14:21] [Server thread/INFO] (Minecraft) 准备生成区域中：16%
[22:14:22] [Server thread/INFO] (Minecraft) 准备生成区域中：16%
[22:14:22] [Server thread/INFO] (Minecraft) 准备生成区域中：16%
[22:14:23] [Server thread/INFO] (Minecraft) 准备生成区域中：16%
[22:14:23] [Server thread/INFO] (Minecraft) 准备生成区域中：16%
[22:14:24] [Server thread/INFO] (Minecraft) 准备生成区域中：16%
[22:14:24] [Server thread/INFO] (Minecraft) 准备生成区域中：16%
[22:14:25] [Server thread/INFO] (Minecraft) 准备生成区域中：100%
[22:14:25] [Server thread/INFO] (Minecraft) Time elapsed: 7550 ms
[22:14:26] [Server thread/INFO] (Minecraft) Player41[local:E:941d131a] logged in with entity id 119 at (-22.715990553024806, 64.0, 13.358888596966771)
[22:14:26] [Server thread/INFO] (Minecraft) Player41加入了游戏
[22:14:26] [Server thread/INFO] (Minecraft) Changing view distance to 16, from 10
[22:14:26] [Server thread/INFO] (Minecraft) Changing simulation distance to 12, from 0
[22:14:26] [Render thread/INFO] (Minecraft) Loaded 2 advancements
[22:14:27] [Render thread/INFO] (Minecraft) Resizing Dynamic Transforms UBO, capacity limit of 2 reached during a single frame. New capacity will be 4.
[22:14:27] [Render thread/INFO] (Minecraft) Resizing Dynamic Transforms UBO, capacity limit of 4 reached during a single frame. New capacity will be 8.
[22:14:28] [Render thread/INFO] (Minecraft) Resizing Chunk Sections UBO, capacity limit of 2 reached during a single frame. New capacity will be 8.
[22:14:30] [Server thread/WARN] (Minecraft) Can't keep up! Is the server overloaded? Running 2082ms or 41 ticks behind
[22:14:30] [Render thread/INFO] (Minecraft) Resizing Chunk Sections UBO, capacity limit of 8 reached during a single frame. New capacity will be 16.
[22:14:31] [Render thread/INFO] (Minecraft) Resizing Chunk Sections UBO, capacity limit of 16 reached during a single frame. New capacity will be 32.
[22:14:31] [Render thread/INFO] (Minecraft) Resizing Chunk Sections UBO, capacity limit of 32 reached during a single frame. New capacity will be 64.
[22:14:32] [Render thread/INFO] (Minecraft) Resizing Chunk Sections UBO, capacity limit of 64 reached during a single frame. New capacity will be 128.
[22:14:47] [Render thread/INFO] (Minecraft) Resizing Chunk Sections UBO, capacity limit of 128 reached during a single frame. New capacity will be 256.
[22:14:48] [Render thread/INFO] (Minecraft) Resizing Chunk Sections UBO, capacity limit of 256 reached during a single frame. New capacity will be 512.
[22:14:53] [Render thread/INFO] (Minecraft) Resizing Chunk Sections UBO, capacity limit of 512 reached during a single frame. New capacity will be 1024.
[22:14:54] [Server thread/WARN] (Minecraft) Can't keep up! Is the server overloaded? Running 9301ms or 186 ticks behind
[22:15:25] [Server thread/INFO] (Minecraft) [Player41: 已将1个[item.better-recycling.scrap_iron]给予Player41]
[22:15:25] [Render thread/INFO] (Minecraft) [System] [CHAT] 已将1个[item.better-recycling.scrap_iron]给予Player41
[22:15:44] [Server thread/INFO] (Minecraft) Saving and pausing game...
[22:15:44] [Server thread/INFO] (Minecraft) Saving chunks for level 'ServerLevel[qwq]'/minecraft:overworld
[22:15:44] [Server thread/INFO] (Minecraft) Saving chunks for level 'ServerLevel[qwq]'/minecraft:the_nether
[22:15:44] [Server thread/INFO] (Minecraft) Saving chunks for level 'ServerLevel[qwq]'/minecraft:the_end
[22:15:50] [Render thread/INFO] (Minecraft) Resizing Dynamic Transforms UBO, capacity limit of 8 reached during a single frame. New capacity will be 16.
[22:15:52] [Render thread/INFO] (Minecraft) Loaded 3 advancements
[22:16:01] [Server thread/INFO] (Minecraft) Player41取得了进度[整装上阵]
[22:16:01] [Render thread/INFO] (Minecraft) [System] [CHAT] Player41取得了进度[整装上阵]
[22:16:01] [Render thread/INFO] (Minecraft) Loaded 11 advancements
[22:16:08] [Render thread/INFO] (Minecraft) Loaded 16 advancements
[22:16:25] [Server thread/INFO] (Minecraft) Player41取得了进度[来硬的]
[22:16:25] [Render thread/INFO] (Minecraft) [System] [CHAT] Player41取得了进度[来硬的]
[22:16:25] [Render thread/INFO] (Minecraft) Loaded 46 advancements
[22:16:33] [Server thread/INFO] (Minecraft) Saving and pausing game...
[22:16:33] [Server thread/INFO] (Minecraft) Saving chunks for level 'ServerLevel[qwq]'/minecraft:overworld
[22:16:33] [Server thread/INFO] (Minecraft) Saving chunks for level 'ServerLevel[qwq]'/minecraft:the_nether
[22:16:33] [Server thread/INFO] (Minecraft) Saving chunks for level 'ServerLevel[qwq]'/minecraft:the_end
[22:16:34] [Server thread/INFO] (Minecraft) Player41 lost connection: 连接中断
[22:16:34] [Server thread/INFO] (Minecraft) Player41退出了游戏
[22:16:34] [Server thread/INFO] (Minecraft) Stopping singleplayer server as player logged out
[22:16:34] [Server thread/INFO] (Minecraft) Stopping server
[22:16:34] [Server thread/INFO] (Minecraft) Saving players
[22:16:34] [Server thread/INFO] (Minecraft) Saving worlds
[22:16:36] [Server thread/INFO] (Minecraft) Saving chunks for level 'ServerLevel[qwq]'/minecraft:overworld
[22:16:39] [Server thread/INFO] (Minecraft) Saving chunks for level 'ServerLevel[qwq]'/minecraft:the_nether
[22:16:39] [Server thread/INFO] (Minecraft) Saving chunks for level 'ServerLevel[qwq]'/minecraft:the_end
[22:16:39] [Server thread/INFO] (Minecraft) ThreadedAnvilChunkStorage (world): All chunks are saved
[22:16:39] [Server thread/INFO] (Minecraft) ThreadedAnvilChunkStorage (DIM-1): All chunks are saved
[22:16:39] [Server thread/INFO] (Minecraft) ThreadedAnvilChunkStorage (DIM1): All chunks are saved
[22:16:39] [Server thread/INFO] (Minecraft) ThreadedAnvilChunkStorage: All dimensions are saved
[22:16:40] [Render thread/INFO] (Minecraft) Stopping!
